"DomeCamera" {
    "Position"  : "0" "0" "-17",
    "ProjMode"  : "0",
    "MaxLower"  : "0",
    "Target"    : "0" "0" "0",
    "Speed"     : "50"
}

"DirectionalLight" {
    "Intensity" : "0.4",
    "Direction" : "0" "-1" "0.01"
}

"PointLight" {
    "Position"  : "10" "1" "10",
    "Intensity" : "2"
}

"PointLight" {
    "Position"  : "-10" "1" "10",
    "Intensity" : "2"
}

"PointLight" {
    "Position"  : "10" "1" "-10",
    "Intensity" : "2"
}

"PointLight" {
    "Position"  : "-10" "1" "-10",
    "Intensity" : "2"
}

"EnvironmentLight" {
    "Intensity"  : "0.1"
}

"Spinner" {
    "ModelPath" : "assets/models/colored_cube.obj",
    "Position"  : "0" "4" "0",
    "Speed"     : "2"
}

"RigidBody" {
    "Name"      : "floor",
    "ColliderType" : "COLLIDER_PLANE",
    "Position"  : "0" "-1" "0",
    "Scale"     : "30" "30" "30",
    "Normal"    : "0" "1" "0",
    "IsStatic"  : "true",
    "ModelPath" : "assets/models/plane.obj"
}

"RigidBody" {
    "Name"      : "a",
    "ColliderType" : "COLLIDER_CAPSULE",
    "Position"  : "2" "4" "0",
    "Rotation"  : "0.1" "0" "0.1",
    "Scale"     : "0.5" "0.5" "0.5",
    "Radius"    : "0.5",
    "Length"    : "1.5",
    "IsStatic"  : "false",
    "ModelPath" : "assets/models/capsule.obj"
}

"RigidBody" {
    "Name"      : "b",
    "ColliderType" : "COLLIDER_CAPSULE",
    "Position"  : "1" "1" "0",
    "Rotation"  : "0.2" "0" "0.3",
    "Scale"     : "0.5" "0.5" "0.5",
    "Radius"    : "0.5",
    "Length"    : "1.5",
    "IsStatic"  : "false",
    "ModelPath" : "assets/models/capsule.obj"
}