"DomeCamera" {
    "Position"  : "0" "0" "-17",
    "ProjMode"  : "0",
    "MaxLower"  : "0",
    "Target"    : "0" "0" "0",
    "Speed"     : "50"
}

"DirectionalLight" {
    "Intensity" : "0.4",
    "Direction" : "0.5" "-0.6" "0.2",
    "ShadowMapExtent" : "100"
}

"DirectionalLight" {
    "Intensity" : "0.1",
    "Direction" : "-0.2" "-0.95" "0.05"
}



"EnvironmentLight" {
    "Intensity"  : "0.05"
}

"RigidBody" {
    "Name"      : "floor",
    "ColliderType" : "COLLIDER_PLANE",
    "Position"  : "0" "-2" "0",
    "Scale"     : "30" "30" "30",
    "Normal"    : "0" "1" "0",
    "IsStatic"  : "true",
    "Friction"  : "1.0",
    "ModelPath" : "assets/models/plane.obj"
}

"RigidBody" {
    "Name"      : "wall",
    "ColliderType" : "COLLIDER_HULL",
    "Scale"     : "0.5" "4" "6",
    "CollisionModelPath" : "assets/models/cube.obj",
    "Position"  : "-5.5" "-0.5" "0",
    "IsStatic"  : "true",
    "ModelPath" : "assets/models/cube.obj"
}

"RigidBody" {
    "Name"      : "wall",
    "ColliderType" : "COLLIDER_HULL",
    "Scale"     : "0.5" "4" "6",
    "CollisionModelPath" : "assets/models/cube.obj",
    "Position"  : "5.5" "-0.5" "0",
    "IsStatic"  : "true",
    "ModelPath" : "assets/models/cube.obj"
}

"RigidBody" {
    "Name"      : "wall",
    "ColliderType" : "COLLIDER_HULL",
    "Scale"     : "0.5" "4" "6",
    "CollisionModelPath" : "assets/models/cube.obj",
    "Position"  : "0" "-0.5" "-5.5",
    "StartRotation" : "0" "90" "0",
    "IsStatic"  : "true",
    "ModelPath" : "assets/models/cube.obj"
}

"RigidBody" {
    "Name"      : "wall",
    "ColliderType" : "COLLIDER_HULL",
    "Scale"     : "0.5" "4" "6",
    "CollisionModelPath" : "assets/models/cube.obj",
    "Position"  : "0" "-0.5" "5.5",
    "StartRotation"  : "0" "90" "0",
    "IsStatic"  : "true",
    "ModelPath" : "assets/models/cube.obj"
}

"RotatingWall" {
    "Position" : "0" "0" "0"
}

"RigidBodySpawner" {
    "VerticalSlice" : "3",
    "XCount"        : "4",
    "ZCount"        : "5",
    "ExtentBegin"   : "-4" "4" "-4",
    "ExtentEnd"     : "4" "0" "4"
}

