"DomeCamera" {
    "Position"  : "0" "0" "-17",
    "ProjMode"  : "0",
    "MaxLower"  : "0",
    "Target"    : "0" "0" "0",
    "Speed"     : "50"
}

"DirectionalLight" {
    "Intensity" : "0.4",
    "Direction" : "0.3" "-0.95" "0.05"
}

"PointLight" {
    "Position"  : "0" "8" "0",
    "Intensity" : "10"
}


"EnvironmentLight" {
    "Intensity"  : "0.1"
}

"RigidBody" {
    "Name"      : "floor",
    "ColliderType" : "COLLIDER_PLANE",
    "Position"  : "0" "-2" "0",
    "Scale"     : "30" "30" "30",
    "Normal"    : "0" "1" "0",
    "IsStatic"  : "true",
    "ModelPath" : "models/plane.obj"
}

"RigidBody" {
    "Name"      : "wall",
    "ColliderType" : "COLLIDER_HULL",
    "Scale"     : "0.5" "4" "7",
    "CollisionModelPath" : "models/cube.obj",
    "Position"  : "-7" "-0.5" "0",
    "IsStatic"  : "true",
    "ModelPath" : "models/cube.obj"
}

"RigidBody" {
    "Name"      : "wall",
    "ColliderType" : "COLLIDER_HULL",
    "Scale"     : "0.5" "4" "7",
    "CollisionModelPath" : "models/cube.obj",
    "Position"  : "7" "-0.5" "0",
    "IsStatic"  : "true",
    "ModelPath" : "models/cube.obj"
}

"RigidBody" {
    "Name"      : "wall",
    "ColliderType" : "COLLIDER_HULL",
    "Scale"     : "0.5" "4" "7",
    "CollisionModelPath" : "models/cube.obj",
    "Position"  : "0" "-0.5" "-7",
    "Rotation"  : "0" "1.5702" "0",
    "IsStatic"  : "true",
    "ModelPath" : "models/cube.obj"
}

"RigidBody" {
    "Name"      : "wall",
    "ColliderType" : "COLLIDER_HULL",
    "Scale"     : "0.5" "4" "7",
    "CollisionModelPath" : "models/cube.obj",
    "Position"  : "0" "-0.5" "7",
    "Rotation"  : "0" "1.5702" "0",
    "IsStatic"  : "true",
    "ModelPath" : "models/cube.obj"
}

"RotatingWall" {
    "Position" : "0" "-0.5" "0"
}

"RigidBodySpawner" {
    "VerticalSlice" : "2",
    "XCount"        : "8",
    "ZCount"        : "8",
    "ExtentBegin"   : "-5" "1" "-5",
    "ExtentEnd"     : "5" "0" "5"
}

