"DomeCamera" {
    "Position"  : "0" "0" "-17",
    "ProjMode"  : "0",
    "MaxLower"  : "0",
    "Target"    : "0" "0" "0",
    "Speed"     : "50"
}

"DirectionalLight" {
    "Intensity" : "0.4",
    "Direction" : "0" "-1" "0.01"
}

"PointLight" {
    "Position"  : "10" "1" "10",
    "Intensity" : "2"
}

"PointLight" {
    "Position"  : "-10" "1" "10",
    "Intensity" : "2"
}

"PointLight" {
    "Position"  : "10" "1" "-10",
    "Intensity" : "2"
}

"PointLight" {
    "Position"  : "-10" "1" "-10",
    "Intensity" : "2"
}

"EnvironmentLight" {
    "Intensity"  : "0.1"
}

"Spinner" {
    "ModelPath" : "models/colored_cube.obj",
    "Position"  : "0" "4" "0",
    "Speed"     : "2"
}

"RigidBody" {
    "Name"      : "a",
    "ColliderType" : "COLLIDER_SPHERE",
    "Position"  : "5" "0" "0",
    "Scale"     : "0.5" "0.5" "0.5",
    "Radius"    : "0.5",
    "Velocity" : "-50" "0" "0",
    "ModelPath" : "models/colored_uv_sphere.obj"
}

"RigidBody" {
    "Name"      : "phys_sphere2",
    "ColliderType" : "COLLIDER_SPHERE",
    "Position"  : "-5" "0" "0",
    "Scale"     : "0.5" "0.5" "0.5",
    "Radius"    : "0.5",
    "Velocity"  : "50" "0" "0",
    "ModelPath" : "models/colored_uv_sphere.obj"
}

"RigidBody" {
    "Name"      : "phys_sphere3",
    "ColliderType" : "COLLIDER_SPHERE",
    "Position"  : "-3.0" "2.5" "0",
    "Scale"     : "0.5" "0.5" "0.5",
    "Radius"    : "0.5",
    "Velocity"  : "7" "-7" "1.3",
    "ModelPath" : "models/colored_uv_sphere.obj"
}

"RigidBody" {
    "Name"      : "floor",
    "ColliderType" : "COLLIDER_PLANE",
    "Position"  : "0" "-1" "0",
    "Scale"     : "4" "4" "4",
    "Normal"    : "0" "1" "0",
    "IsStatic"  : "true",
    "ModelPath" : "models/plane_subdivided.obj"
}
